// Jest Snapshot v1, https://goo.gl/fbAQLP

exports[`PluginPostPublishPanel renders fill properly 1`] = `
<div
  role="presentation"
>
  <PanelBody
    className="my-plugin-post-publish-panel"
    initialOpen={true}
    key="1---0/.0"
    title="My panel title"
  >
    <div
      className="components-panel__body my-plugin-post-publish-panel is-opened"
    >
      <h2
        className="components-panel__body-title"
      >
        <Button
          aria-expanded={true}
          className="components-panel__body-toggle"
          onClick={[Function]}
        >
          <button
            aria-expanded={true}
            className="components-button components-panel__body-toggle"
            onClick={[Function]}
            type="button"
          >
            <Dashicon
              className="components-panel__arrow"
              icon="arrow-up"
            >
              <svg
                aria-hidden={true}
                className="dashicon dashicons-arrow-up components-panel__arrow"
                focusable="false"
                height={20}
                role="img"
                viewBox="0 0 20 20"
                width={20}
                xmlns="http://www.w3.org/2000/svg"
              >
                <path
                  d="M7 13l4.03-6L15 13H7z"
                />
              </svg>
            </Dashicon>
            My panel title
          </button>
        </Button>
      </h2>
      My panel content
    </div>
  </PanelBody>
</div>
`;
