// Jest Snapshot v1, https://goo.gl/fbAQLP

exports[`<SiteInformation /> should render 1`] = `
<Localized(StepWrapper)
  fallbackHeaderText="headerTextoidaliciously"
  fallbackSubHeaderText="subHeaderTextoidaliciously"
  headerText="headerTextoidaliciously"
  stepContent={
    <div
      className="site-information__wrapper is-single-fieldset"
    >
      <Card
        highlight={false}
        tagName="div"
      >
        <form>
          <div
            className="site-information__field-control site-information__title"
          >
            <FormFieldset>
              <Localized(FormLabel)
                htmlFor="title"
              >
                What is the name of your business?
                <InfoPopover
                  autoRtl={true}
                  className="site-information__info-popover"
                  icon="info-outline"
                  iconSize={18}
                  position="top"
                >
                  We'll use this as your site title. Don't worry, you can change this later.
                </InfoPopover>
              </Localized(FormLabel)>
              <FormTextInput
                autoFocus={true}
                id="title"
                maxLength={100}
                name="title"
                onChange={[Function]}
                placeholder="E.g., Vail Renovations"
                value="Ho ho ho!"
              />
              <Button
                onClick={[Function]}
                primary={true}
                type="submit"
              >
                <t
                  icon="arrow-right"
                  size={24}
                />
              </Button>
            </FormFieldset>
          </div>
          <div
            className="site-information__field-control site-information__address"
          >
            <FormFieldset>
              <Localized(FormLabel)
                htmlFor="address"
              >
                Address
                <InfoPopover
                  autoRtl={true}
                  className="site-information__info-popover"
                  icon="info-outline"
                  iconSize={18}
                  position="top"
                >
                  Where can people find your business?
                </InfoPopover>
              </Localized(FormLabel)>
              <FormTextInput
                autoFocus={false}
                id="address"
                maxLength={75}
                name="address"
                onChange={[Function]}
                placeholder="E.g., 60 29th St, San Francisco, CA 94110"
                value=""
              />
              <Button
                onClick={[Function]}
                primary={true}
                type="submit"
              >
                <t
                  icon="arrow-right"
                  size={24}
                />
              </Button>
            </FormFieldset>
          </div>
          <div
            className="site-information__field-control site-information__phone"
          >
            <FormFieldset>
              <Localized(FormLabel)
                htmlFor="phone"
              >
                Phone number
                <InfoPopover
                  autoRtl={true}
                  className="site-information__info-popover"
                  icon="info-outline"
                  iconSize={18}
                  position="top"
                >
                  How can people contact you?
                </InfoPopover>
              </Localized(FormLabel)>
              <FormTextInput
                autoFocus={false}
                id="phone"
                maxLength={50}
                name="phone"
                onChange={[Function]}
                placeholder="E.g., (555) 555-5555"
                value=""
              />
              <Button
                onClick={[Function]}
                primary={true}
                type="submit"
              >
                <t
                  icon="arrow-right"
                  size={24}
                />
              </Button>
            </FormFieldset>
          </div>
        </form>
      </Card>
    </div>
  }
  stepName="site-information"
  subHeaderText="subHeaderTextoidaliciously"
/>
`;
