// Jest Snapshot v1, https://goo.gl/fbAQLP

exports[`<Select /> should render expected output 1`] = `
<div
  className="mega-selectzilla select"
>
  <Localized(FormLabel)
    htmlFor="select"
  >
    Select label
  </Localized(FormLabel)>
  <FormSelect
    aria-describedby="validation-field-select"
    disabled={false}
    id="select"
    isError={false}
    name="select"
    onChange={[MockFunction]}
    onClick={[Function]}
    value=""
  >
    <option
      key="1"
      value={1}
    >
      uno
    </option>
    <option
      key="2"
      value={2}
    >
      due
    </option>
  </FormSelect>
</div>
`;
