// Jest Snapshot v1, https://goo.gl/fbAQLP

exports[`<GlobalNotices /> should render notices with the expected structure 1`] = `
<GlobalNoticesContainer
  id="overlay-notices"
>
  <Localized(Notice)
    key="notice-testing-notice"
    onDismissClick={[Function]}
    showDismiss={true}
    status="is-success"
    text="A test notice"
  />
</GlobalNoticesContainer>
`;
