// Jest Snapshot v1, https://goo.gl/fbAQLP

exports[`TokenField render should render tokens 1`] = `
<div
  class="token-field"
  tabindex="-1"
>
  <div
    class="token-field__input-container"
    tabindex="-1"
  >
    <span
      class="token-field__token"
      tabindex="-1"
    >
      <span
        class="token-field__token-text"
      >
        foo
      </span>
      <svg
        class="gridicon gridicons-cross-small token-field__remove-token"
        height="24"
        viewBox="0 0 24 24"
        width="24"
        xmlns="http://www.w3.org/2000/svg"
      >
        <g>
          <path
            d="M17.705 7.705l-1.41-1.41L12 10.59 7.705 6.295l-1.41 1.41L10.59 12l-4.295 4.295 1.41 1.41L12 13.41l4.295 4.295 1.41-1.41L13.41 12l4.295-4.295z"
          />
        </g>
      </svg>
    </span>
    <span
      class="token-field__token"
      tabindex="-1"
    >
      <span
        class="token-field__token-text"
      >
        bar
      </span>
      <svg
        class="gridicon gridicons-cross-small token-field__remove-token"
        height="24"
        viewBox="0 0 24 24"
        width="24"
        xmlns="http://www.w3.org/2000/svg"
      >
        <g>
          <path
            d="M17.705 7.705l-1.41-1.41L12 10.59 7.705 6.295l-1.41 1.41L10.59 12l-4.295 4.295 1.41 1.41L12 13.41l4.295 4.295 1.41-1.41L13.41 12l4.295-4.295z"
          />
        </g>
      </svg>
    </span>
    <input
      class="token-field__input"
      placeholder=""
      size="1"
      type="text"
      value=""
    />
  </div>
  <ul
    class="token-field__suggestions-list"
    tabindex="-1"
  >
    <li
      class="token-field__suggestion"
    >
      the
    </li>
    <li
      class="token-field__suggestion"
    >
      of
    </li>
    <li
      class="token-field__suggestion"
    >
      and
    </li>
    <li
      class="token-field__suggestion"
    >
      to
    </li>
    <li
      class="token-field__suggestion"
    >
      a
    </li>
    <li
      class="token-field__suggestion"
    >
      in
    </li>
    <li
      class="token-field__suggestion"
    >
      for
    </li>
    <li
      class="token-field__suggestion"
    >
      is
    </li>
    <li
      class="token-field__suggestion"
    >
      on
    </li>
    <li
      class="token-field__suggestion"
    >
      that
    </li>
    <li
      class="token-field__suggestion"
    >
      by
    </li>
    <li
      class="token-field__suggestion"
    >
      this
    </li>
    <li
      class="token-field__suggestion"
    >
      with
    </li>
    <li
      class="token-field__suggestion"
    >
      i
    </li>
    <li
      class="token-field__suggestion"
    >
      you
    </li>
    <li
      class="token-field__suggestion"
    >
      it
    </li>
    <li
      class="token-field__suggestion"
    >
      not
    </li>
    <li
      class="token-field__suggestion"
    >
      or
    </li>
    <li
      class="token-field__suggestion"
    >
      be
    </li>
    <li
      class="token-field__suggestion"
    >
      are
    </li>
    <li
      class="token-field__suggestion"
    >
      from
    </li>
    <li
      class="token-field__suggestion"
    >
      at
    </li>
    <li
      class="token-field__suggestion"
    >
      as
    </li>
    <li
      class="token-field__suggestion"
    >
      your
    </li>
    <li
      class="token-field__suggestion"
    >
      all
    </li>
    <li
      class="token-field__suggestion"
    >
      have
    </li>
    <li
      class="token-field__suggestion"
    >
      new
    </li>
    <li
      class="token-field__suggestion"
    >
      more
    </li>
    <li
      class="token-field__suggestion"
    >
      an
    </li>
    <li
      class="token-field__suggestion"
    >
      was
    </li>
    <li
      class="token-field__suggestion"
    >
      we
    </li>
    <li
      class="token-field__suggestion"
    >
      snake
    </li>
    <li
      class="token-field__suggestion"
    >
      pipes
    </li>
    <li
      class="token-field__suggestion"
    >
      sound
    </li>
  </ul>
</div>
`;
