// Jest Snapshot v1, https://goo.gl/fbAQLP

exports[`ratiosToMosaicRows transforms as expected 1`] = `
Array [
  Array [
    1,
  ],
  Array [
    1,
  ],
  Array [
    1,
    1,
    1,
    1,
  ],
  Array [
    1,
    1,
  ],
  Array [
    1,
    2,
  ],
  Array [
    2,
    1,
  ],
]
`;
