// Jest Snapshot v1, https://goo.gl/fbAQLP

exports[`<SiteStyleStep /> should render 1`] = `
<div>
  <Localized(StepWrapper)
    fallbackHeaderText="Choose a style"
    fallbackSubHeaderText="This will help you get started with a theme you might like. You can change it later."
    headerText="Choose a style"
    stepContent={
      <div
        className="site-style__form-wrapper"
      >
        <form
          className="site-style__form"
          onSubmit={[Function]}
        >
          <FormFieldset
            className="site-style__fieldset"
            role="radiogroup"
          >
            <Localized(FormLabel)
              className="site-style__option-label is-checked site-style__variation-default"
              htmlFor="default"
              title=""
            >
              <FormRadio
                checked={true}
                id="default"
                name="site-style-option"
                onChange={[Function]}
                value="default"
              />
            </Localized(FormLabel)>
            <Localized(FormLabel)
              className="site-style__option-label site-style__variation-eyesore"
              htmlFor="eyesore"
              title=""
            >
              <FormRadio
                checked={false}
                id="eyesore"
                name="site-style-option"
                onChange={[Function]}
                value="eyesore"
              />
            </Localized(FormLabel)>
          </FormFieldset>
          <div
            className="site-style__submit-wrapper"
          >
            <Button
              primary={true}
              type="submit"
            >
              Continue
            </Button>
          </div>
        </form>
      </div>
    }
    subHeaderText="This will help you get started with a theme you might like. You can change it later."
  />
</div>
`;
