// Jest Snapshot v1, https://goo.gl/fbAQLP

exports[`basic.js 1`] = `
"import React from 'react';

import { localize } from \\"i18n-calypso\\";

const PrettyComponent = React.createClass( {
	render() {
		this.props.translate( 'codemods are fun' );
	},
} );

export default localize(PrettyComponent);

"
`;
