// Jest Snapshot v1, https://goo.gl/fbAQLP

exports[`MultipleChoiceQuestion should render with the minimum required properties ( plus extra prop to guarantee order ) 1`] = `
<fieldset
  className="multiple-choice-question form-fieldset"
>
  <legend
    className="form-legend"
  >
    Test Question One
  </legend>
  <label
    className="form-label"
    locale="en"
  >
    <input
      checked={false}
      className="form-radio"
      disabled={false}
      onChange={[Function]}
      type="radio"
      value="test-answer-1"
    />
    <span>
      Test Answer One
    </span>
  </label>
  <label
    className="form-label"
    locale="en"
  >
    <input
      checked={false}
      className="form-radio"
      disabled={false}
      onChange={[Function]}
      type="radio"
      value="test-answer-2"
    />
    <span>
      Test Answer Two
    </span>
  </label>
  <label
    className="form-label"
    locale="en"
  >
    <input
      checked={false}
      className="form-radio"
      disabled={false}
      onChange={[Function]}
      type="radio"
      value="test-answer-3"
    />
    <span>
      Test Answer Three
    </span>
  </label>
  <label
    className="form-label"
    locale="en"
  >
    <input
      checked={false}
      className="form-radio"
      disabled={false}
      onChange={[Function]}
      type="radio"
      value="test-answer-4"
    />
    <span>
      Test Answer Four
    </span>
  </label>
</fieldset>
`;
