// Jest Snapshot v1, https://goo.gl/fbAQLP

exports[`<Translatable />  should render 1`] = `
<data
  className="translatable community-translator__element"
  onContextMenu={[Function]}
/>
`;
