// Jest Snapshot v1, https://goo.gl/fbAQLP

exports[`AppsBadge should render 1`] = `
<figure
  className="get-apps__app-badge ios-app-badge"
>
  <a
    href="https://wordpress.com"
    onClick={[Function]}
  >
    <img
      alt="titleText"
      src="/calypso/images/me/get-apps-ios-store.svg"
      title="titleText"
    />
  </a>
</figure>
`;
