// Jest Snapshot v1, https://goo.gl/fbAQLP

exports[`block-serialization-spec-parser parse() works properly 1`] = `
Array [
  Object {
    "attrs": Object {},
    "blockName": "core/more",
    "innerBlocks": Array [],
    "innerHTML": "<!--more-->",
  },
]
`;
